{
    "ltm": {
        "iRules": [],
        "iapps": [],
        "internalDataGroups": [],
        "l7Policies": [],
        "monitors": [
            {
                "interval": 30,
                "name": "default_configmap_0_udp",
                "send": "GET /",
                "timeout": 40,
                "type": "udp"
            }
        ],
        "pools": [
            {
                "loadBalancingMode": "round-robin",
                "members": [
                    {
                        "address": "172.16.0.5",
                        "port": 30008,
                        "session": "user-enabled"
                    },
                    {
                        "address": "172.16.0.6",
                        "port": 30008,
                        "session": "user-enabled"
                    }
                ],
                "monitors": [
                    "/k8s/default_configmap_0_udp"
                ],
                "name": "default_configmap"
            }
        ],
        "virtualServers": [
            {
                "destination": "/k8s/FE80::1.5051",
                "enabled": true,
                "ipProtocol": "udp",
                "name": "default_configmap",
                "pool": "/k8s/default_configmap",
                "profiles": [
                    {
                        "context": "all",
                        "name": "udp",
                        "partition": "Common"
                    }
                ],
                "sourceAddressTranslation": {
                    "type": "automap"
                }
            }
        ]
    },
    "network": {}
}
